---
source: shared/src/game/tests.rs
expression: view
input_file: shared/src/game/replays/20-mirth-3color.txt
---
GameView {
    state: Done(
        ScoringState {
            groups: [
                Group {
                    points: [(
                        12,
                        12,
                    ), (
                        11,
                        12,
                    ), (
                        12,
                        11,
                    ), (
                        10,
                        12,
                    ), (
                        12,
                        12,
                    ), (
                        12,
                        10,
                    ), (
                        10,
                        11,
                    ), (
                        11,
                        10,
                    ), (
                        12,
                        9,
                    ), (
                        9,
                        11,
                    ), (
                        10,
                        10,
                    ), (
                        8,
                        11,
                    ), (
                        9,
                        10,
                    ), (
                        10,
                        9,
                    ), (
                        7,
                        11,
                    ), (
                        8,
                        10,
                    ), (
                        8,
                        12,
                    ), (
                        9,
                        9,
                    ), (
                        6,
                        11,
                    ), (
                        7,
                        10,
                    ), (
                        8,
                        9,
                    ), (
                        9,
                        8,
                    ), (
                        5,
                        11,
                    ), (
                        6,
                        10,
                    ), (
                        7,
                        9,
                    ), (
                        4,
                        11,
                    ), (
                        5,
                        10,
                    ), (
                        5,
                        12,
                    ), (
                        6,
                        9,
                    ), (
                        3,
                        11,
                    ), (
                        6,
                        8,
                    ), (
                        2,
                        11,
                    ), (
                        3,
                        12,
                    ), (
                        5,
                        8,
                    )],
                    liberties: 10,
                    team: 1,
                    alive: true,
                },
                Group {
                    points: [(
                        6,
                        12,
                    )],
                    liberties: 1,
                    team: 2,
                    alive: false,
                },
                Group {
                    points: [(
                        2,
                        12,
                    ), (
                        1,
                        12,
                    ), (
                        2,
                        12,
                    ), (
                        1,
                        11,
                    ), (
                        0,
                        11,
                    ), (
                        1,
                        10,
                    ), (
                        2,
                        10,
                    ), (
                        1,
                        9,
                    ), (
                        3,
                        10,
                    ), (
                        2,
                        9,
                    ), (
                        1,
                        8,
                    ), (
                        4,
                        10,
                    ), (
                        2,
                        8,
                    ), (
                        0,
                        8,
                    ), (
                        1,
                        7,
                    ), (
                        0,
                        7,
                    )],
                    liberties: 2,
                    team: 3,
                    alive: true,
                },
                Group {
                    points: [(
                        5,
                        9,
                    ), (
                        4,
                        9,
                    ), (
                        3,
                        9,
                    ), (
                        5,
                        9,
                    ), (
                        3,
                        8,
                    ), (
                        3,
                        7,
                    ), (
                        2,
                        7,
                    ), (
                        4,
                        7,
                    ), (
                        4,
                        6,
                    ), (
                        5,
                        6,
                    ), (
                        4,
                        5,
                    ), (
                        6,
                        6,
                    ), (
                        4,
                        4,
                    ), (
                        4,
                        3,
                    ), (
                        3,
                        3,
                    ), (
                        5,
                        3,
                    ), (
                        4,
                        2,
                    ), (
                        2,
                        3,
                    ), (
                        6,
                        3,
                    ), (
                        1,
                        3,
                    ), (
                        2,
                        2,
                    ), (
                        1,
                        4,
                    ), (
                        0,
                        4,
                    )],
                    liberties: 19,
                    team: 2,
                    alive: true,
                },
                Group {
                    points: [(
                        0,
                        9,
                    )],
                    liberties: 1,
                    team: 2,
                    alive: false,
                },
                Group {
                    points: [(
                        12,
                        8,
                    ), (
                        11,
                        8,
                    ), (
                        10,
                        8,
                    ), (
                        12,
                        8,
                    ), (
                        11,
                        7,
                    )],
                    liberties: 4,
                    team: 2,
                    alive: true,
                },
                Group {
                    points: [(
                        9,
                        7,
                    ), (
                        9,
                        6,
                    ), (
                        9,
                        7,
                    )],
                    liberties: 4,
                    team: 2,
                    alive: true,
                },
                Group {
                    points: [(
                        8,
                        7,
                    ), (
                        7,
                        7,
                    ), (
                        8,
                        7,
                    )],
                    liberties: 5,
                    team: 1,
                    alive: true,
                },
                Group {
                    points: [(
                        1,
                        6,
                    ), (
                        0,
                        6,
                    ), (
                        1,
                        6,
                    )],
                    liberties: 3,
                    team: 2,
                    alive: true,
                },
                Group {
                    points: [(
                        12,
                        5,
                    ), (
                        11,
                        5,
                    ), (
                        12,
                        4,
                    ), (
                        10,
                        5,
                    ), (
                        12,
                        5,
                    ), (
                        12,
                        3,
                    ), (
                        10,
                        4,
                    ), (
                        11,
                        3,
                    ), (
                        12,
                        2,
                    ), (
                        9,
                        4,
                    ), (
                        10,
                        3,
                    ), (
                        9,
                        3,
                    ), (
                        8,
                        3,
                    ), (
                        9,
                        2,
                    ), (
                        9,
                        1,
                    )],
                    liberties: 14,
                    team: 2,
                    alive: true,
                },
                Group {
                    points: [(
                        8,
                        5,
                    ), (
                        7,
                        5,
                    ), (
                        8,
                        5,
                    ), (
                        7,
                        4,
                    )],
                    liberties: 7,
                    team: 2,
                    alive: true,
                },
                Group {
                    points: [(
                        5,
                        5,
                    ), (
                        5,
                        4,
                    ), (
                        5,
                        5,
                    )],
                    liberties: 2,
                    team: 1,
                    alive: false,
                },
                Group {
                    points: [(
                        3,
                        5,
                    )],
                    liberties: 3,
                    team: 3,
                    alive: false,
                },
                Group {
                    points: [(
                        7,
                        2,
                    )],
                    liberties: 2,
                    team: 1,
                    alive: false,
                },
                Group {
                    points: [(
                        6,
                        2,
                    )],
                    liberties: 2,
                    team: 3,
                    alive: false,
                },
                Group {
                    points: [(
                        11,
                        1,
                    )],
                    liberties: 4,
                    team: 3,
                    alive: false,
                },
                Group {
                    points: [(
                        7,
                        1,
                    )],
                    liberties: 3,
                    team: 3,
                    alive: false,
                },
                Group {
                    points: [(
                        5,
                        1,
                    )],
                    liberties: 4,
                    team: 2,
                    alive: true,
                },
                Group {
                    points: [(
                        3,
                        1,
                    )],
                    liberties: 4,
                    team: 2,
                    alive: true,
                },
                Group {
                    points: [(
                        10,
                        0,
                    )],
                    liberties: 3,
                    team: 3,
                    alive: false,
                },
                Group {
                    points: [(
                        8,
                        0,
                    )],
                    liberties: 3,
                    team: 3,
                    alive: false,
                },
                Group {
                    points: [(
                        4,
                        0,
                    )],
                    liberties: 3,
                    team: 1,
                    alive: false,
                },
            ],
            points: Board {
                width: 13,
                height: 13,
                points: [
                    2,
                    2,
                    2,
                    2,
                    2,
                    2,
                    2,
                    2,
                    2,
                    2,
                    2,
                    2,
                    2,
                    2,
                    2,
                    2,
                    2,
                    2,
                    2,
                    2,
                    2,
                    2,
                    2,
                    2,
                    2,
                    2,
                    2,
                    2,
                    2,
                    2,
                    2,
                    2,
                    2,
                    2,
                    2,
                    2,
                    2,
                    2,
                    2,
                    2,
                    2,
                    2,
                    2,
                    2,
                    2,
                    2,
                    2,
                    2,
                    2,
                    2,
                    2,
                    2,
                    2,
                    2,
                    2,
                    2,
                    2,
                    2,
                    2,
                    2,
                    2,
                    2,
                    2,
                    2,
                    2,
                    2,
                    2,
                    2,
                    2,
                    2,
                    2,
                    2,
                    2,
                    2,
                    2,
                    2,
                    2,
                    2,
                    2,
                    2,
                    2,
                    2,
                    2,
                    2,
                    2,
                    0,
                    0,
                    2,
                    2,
                    2,
                    2,
                    3,
                    3,
                    2,
                    2,
                    2,
                    0,
                    0,
                    1,
                    1,
                    2,
                    2,
                    2,
                    2,
                    3,
                    3,
                    3,
                    2,
                    0,
                    1,
                    1,
                    1,
                    1,
                    1,
                    2,
                    2,
                    2,
                    3,
                    3,
                    3,
                    2,
                    2,
                    2,
                    1,
                    1,
                    1,
                    1,
                    1,
                    0,
                    1,
                    3,
                    3,
                    3,
                    3,
                    3,
                    1,
                    1,
                    1,
                    1,
                    1,
                    1,
                    1,
                    1,
                    3,
                    3,
                    1,
                    1,
                    1,
                    1,
                    1,
                    1,
                    1,
                    1,
                    1,
                    1,
                    1,
                    3,
                    3,
                    3,
                    1,
                    1,
                    1,
                    1,
                    1,
                    1,
                    1,
                    1,
                    1,
                    1,
                ],
            },
            scores: [84, 206, 36],
            players_accepted: [
                true,
                true,
                true,
            ],
        },
    ),
    seats: [Seat {
        player: Some(
            93,
        ),
        team: 1,
    }, Seat {
        player: Some(
            98,
        ),
        team: 2,
    }, Seat {
        player: Some(
            95,
        ),
        team: 3,
    }],
    turn: 2,
    board: [
        0,
        0,
        0,
        0,
        1,
        0,
        0,
        0,
        3,
        0,
        3,
        0,
        0,
        0,
        0,
        0,
        2,
        0,
        2,
        0,
        3,
        0,
        2,
        0,
        3,
        0,
        0,
        0,
        2,
        0,
        2,
        0,
        3,
        1,
        0,
        2,
        0,
        0,
        2,
        0,
        2,
        2,
        2,
        2,
        2,
        2,
        0,
        2,
        2,
        2,
        2,
        2,
        2,
        2,
        0,
        0,
        2,
        1,
        0,
        2,
        0,
        2,
        2,
        0,
        2,
        0,
        0,
        0,
        3,
        2,
        1,
        0,
        2,
        2,
        0,
        2,
        2,
        2,
        2,
        2,
        0,
        0,
        2,
        2,
        2,
        0,
        0,
        2,
        0,
        0,
        0,
        3,
        3,
        2,
        2,
        2,
        0,
        0,
        1,
        1,
        2,
        0,
        2,
        0,
        3,
        3,
        3,
        2,
        0,
        1,
        1,
        0,
        0,
        1,
        2,
        2,
        2,
        2,
        3,
        3,
        2,
        2,
        2,
        1,
        1,
        1,
        1,
        1,
        0,
        1,
        0,
        3,
        3,
        3,
        3,
        1,
        1,
        1,
        1,
        1,
        1,
        1,
        1,
        3,
        3,
        1,
        1,
        1,
        1,
        1,
        1,
        1,
        1,
        1,
        0,
        1,
        0,
        3,
        3,
        1,
        0,
        1,
        2,
        0,
        1,
        0,
        1,
        1,
        1,
    ],
    board_visibility: None,
    hidden_stones_left: 0,
    size: (
        13,
        13,
    ),
    mods: GameModifier {
        pixel: false,
        ponnuki_is_points: None,
        zen_go: None,
        hidden_move: None,
        visibility_mode: None,
        no_history: false,
        n_plus_one: None,
    },
    points: [0, 0, 0],
    move_number: 203,
}
