---
source: shared/src/game/tests.rs
expression: view
input_file: shared/src/game/replays/53-seequ-hiddenmove.txt
---
GameView {
    state: Done(
        ScoringState {
            groups: [
                Group {
                    points: [(
                        8,
                        12,
                    ), (
                        7,
                        12,
                    ), (
                        6,
                        12,
                    ), (
                        7,
                        11,
                    ), (
                        5,
                        12,
                    ), (
                        4,
                        12,
                    ), (
                        5,
                        11,
                    ), (
                        5,
                        10,
                    ), (
                        5,
                        9,
                    ), (
                        5,
                        8,
                    )],
                    liberties: 4,
                    team: 1,
                    alive: true,
                },
                Group {
                    points: [(
                        3,
                        12,
                    )],
                    liberties: 2,
                    team: 2,
                    alive: true,
                },
                Group {
                    points: [(
                        11,
                        11,
                    )],
                    liberties: 4,
                    team: 2,
                    alive: false,
                },
                Group {
                    points: [(
                        9,
                        11,
                    )],
                    liberties: 4,
                    team: 1,
                    alive: true,
                },
                Group {
                    points: [(
                        6,
                        11,
                    ), (
                        6,
                        10,
                    ), (
                        7,
                        10,
                    )],
                    liberties: 2,
                    team: 2,
                    alive: false,
                },
                Group {
                    points: [(
                        4,
                        11,
                    ), (
                        4,
                        10,
                    ), (
                        4,
                        9,
                    ), (
                        3,
                        9,
                    ), (
                        4,
                        8,
                    )],
                    liberties: 4,
                    team: 2,
                    alive: true,
                },
                Group {
                    points: [(
                        2,
                        11,
                    ), (
                        2,
                        10,
                    )],
                    liberties: 6,
                    team: 2,
                    alive: true,
                },
                Group {
                    points: [(
                        10,
                        10,
                    )],
                    liberties: 4,
                    team: 1,
                    alive: true,
                },
                Group {
                    points: [(
                        8,
                        10,
                    )],
                    liberties: 2,
                    team: 1,
                    alive: true,
                },
                Group {
                    points: [(
                        9,
                        9,
                    ), (
                        9,
                        8,
                    )],
                    liberties: 5,
                    team: 1,
                    alive: true,
                },
                Group {
                    points: [(
                        8,
                        9,
                    )],
                    liberties: 2,
                    team: 2,
                    alive: false,
                },
                Group {
                    points: [(
                        1,
                        9,
                    ), (
                        1,
                        8,
                    )],
                    liberties: 6,
                    team: 2,
                    alive: true,
                },
                Group {
                    points: [(
                        12,
                        8,
                    ), (
                        11,
                        8,
                    ), (
                        11,
                        7,
                    ), (
                        11,
                        6,
                    ), (
                        10,
                        6,
                    ), (
                        10,
                        5,
                    ), (
                        9,
                        5,
                    ), (
                        8,
                        5,
                    ), (
                        9,
                        4,
                    ), (
                        7,
                        5,
                    ), (
                        8,
                        4,
                    ), (
                        9,
                        3,
                    ), (
                        6,
                        5,
                    ), (
                        8,
                        3,
                    ), (
                        5,
                        5,
                    ), (
                        6,
                        4,
                    ), (
                        6,
                        6,
                    ), (
                        8,
                        2,
                    ), (
                        4,
                        5,
                    ), (
                        5,
                        4,
                    ), (
                        7,
                        2,
                    ), (
                        8,
                        1,
                    ), (
                        4,
                        6,
                    ), (
                        4,
                        7,
                    )],
                    liberties: 8,
                    team: 1,
                    alive: true,
                },
                Group {
                    points: [(
                        7,
                        8,
                    )],
                    liberties: 4,
                    team: 2,
                    alive: false,
                },
                Group {
                    points: [(
                        12,
                        7,
                    ), (
                        12,
                        6,
                    ), (
                        12,
                        5,
                    ), (
                        11,
                        5,
                    ), (
                        12,
                        4,
                    )],
                    liberties: 2,
                    team: 2,
                    alive: true,
                },
                Group {
                    points: [(
                        6,
                        7,
                    ), (
                        5,
                        7,
                    )],
                    liberties: 3,
                    team: 2,
                    alive: false,
                },
                Group {
                    points: [(
                        3,
                        7,
                    ), (
                        2,
                        7,
                    ), (
                        3,
                        6,
                    ), (
                        3,
                        5,
                    ), (
                        2,
                        5,
                    ), (
                        3,
                        4,
                    ), (
                        2,
                        4,
                    ), (
                        4,
                        4,
                    ), (
                        4,
                        3,
                    ), (
                        5,
                        3,
                    ), (
                        6,
                        3,
                    ), (
                        7,
                        3,
                    ), (
                        6,
                        2,
                    ), (
                        7,
                        4,
                    )],
                    liberties: 8,
                    team: 2,
                    alive: true,
                },
                Group {
                    points: [(
                        0,
                        7,
                    )],
                    liberties: 3,
                    team: 2,
                    alive: true,
                },
                Group {
                    points: [(
                        1,
                        6,
                    )],
                    liberties: 4,
                    team: 2,
                    alive: true,
                },
                Group {
                    points: [(
                        10,
                        4,
                    ), (
                        10,
                        3,
                    ), (
                        11,
                        3,
                    )],
                    liberties: 4,
                    team: 2,
                    alive: true,
                },
                Group {
                    points: [(
                        1,
                        3,
                    )],
                    liberties: 4,
                    team: 2,
                    alive: true,
                },
                Group {
                    points: [(
                        12,
                        2,
                    )],
                    liberties: 3,
                    team: 2,
                    alive: true,
                },
                Group {
                    points: [(
                        9,
                        2,
                    ), (
                        9,
                        1,
                    ), (
                        10,
                        1,
                    ), (
                        9,
                        0,
                    ), (
                        11,
                        1,
                    ), (
                        8,
                        0,
                    ), (
                        7,
                        0,
                    ), (
                        7,
                        1,
                    )],
                    liberties: 5,
                    team: 2,
                    alive: true,
                },
                Group {
                    points: [(
                        5,
                        2,
                    ), (
                        4,
                        2,
                    ), (
                        4,
                        1,
                    ), (
                        3,
                        1,
                    ), (
                        2,
                        1,
                    ), (
                        3,
                        0,
                    )],
                    liberties: 2,
                    team: 1,
                    alive: true,
                },
                Group {
                    points: [(
                        3,
                        2,
                    ), (
                        2,
                        2,
                    )],
                    liberties: 3,
                    team: 2,
                    alive: true,
                },
                Group {
                    points: [(
                        0,
                        2,
                    )],
                    liberties: 3,
                    team: 2,
                    alive: true,
                },
                Group {
                    points: [(
                        6,
                        1,
                    ), (
                        6,
                        0,
                    ), (
                        5,
                        0,
                    )],
                    liberties: 2,
                    team: 1,
                    alive: true,
                },
                Group {
                    points: [(
                        1,
                        1,
                    ), (
                        1,
                        0,
                    ), (
                        2,
                        0,
                    )],
                    liberties: 3,
                    team: 2,
                    alive: true,
                },
            ],
            points: Board {
                width: 13,
                height: 13,
                points: [
                    2,
                    2,
                    2,
                    1,
                    1,
                    1,
                    1,
                    2,
                    2,
                    2,
                    2,
                    2,
                    2,
                    2,
                    2,
                    1,
                    1,
                    1,
                    1,
                    1,
                    2,
                    1,
                    2,
                    2,
                    2,
                    2,
                    2,
                    2,
                    2,
                    2,
                    1,
                    1,
                    2,
                    1,
                    1,
                    2,
                    2,
                    2,
                    2,
                    2,
                    2,
                    2,
                    2,
                    2,
                    2,
                    2,
                    2,
                    1,
                    1,
                    2,
                    2,
                    2,
                    2,
                    2,
                    2,
                    2,
                    2,
                    1,
                    1,
                    2,
                    1,
                    1,
                    2,
                    2,
                    2,
                    2,
                    2,
                    2,
                    2,
                    1,
                    1,
                    1,
                    1,
                    1,
                    1,
                    1,
                    2,
                    2,
                    2,
                    2,
                    2,
                    2,
                    1,
                    1,
                    1,
                    1,
                    1,
                    1,
                    1,
                    1,
                    2,
                    2,
                    2,
                    2,
                    2,
                    1,
                    1,
                    1,
                    1,
                    1,
                    1,
                    1,
                    1,
                    2,
                    2,
                    2,
                    2,
                    2,
                    2,
                    1,
                    1,
                    1,
                    1,
                    1,
                    1,
                    1,
                    1,
                    2,
                    2,
                    2,
                    2,
                    2,
                    1,
                    1,
                    1,
                    1,
                    1,
                    1,
                    1,
                    1,
                    2,
                    2,
                    2,
                    2,
                    2,
                    1,
                    1,
                    1,
                    1,
                    1,
                    1,
                    1,
                    1,
                    2,
                    2,
                    2,
                    2,
                    2,
                    1,
                    1,
                    1,
                    1,
                    1,
                    1,
                    1,
                    1,
                    2,
                    2,
                    2,
                    2,
                    1,
                    1,
                    1,
                    1,
                    1,
                    1,
                    1,
                    1,
                    1,
                ],
            },
            scores: [168, 185],
            players_accepted: [
                true,
                true,
            ],
        },
    ),
    seats: [Seat {
        player: Some(
            1,
        ),
        team: 1,
        resigned: false,
    }, Seat {
        player: Some(
            108,
        ),
        team: 2,
        resigned: false,
    }],
    turn: 0,
    board: [
        0,
        2,
        2,
        1,
        0,
        1,
        1,
        2,
        2,
        2,
        0,
        0,
        0,
        0,
        2,
        1,
        1,
        1,
        0,
        1,
        2,
        1,
        2,
        2,
        2,
        0,
        2,
        0,
        2,
        2,
        1,
        1,
        2,
        1,
        1,
        2,
        0,
        0,
        2,
        0,
        2,
        0,
        0,
        2,
        2,
        2,
        2,
        1,
        1,
        2,
        2,
        0,
        0,
        0,
        2,
        2,
        2,
        1,
        1,
        2,
        1,
        1,
        2,
        0,
        2,
        0,
        0,
        2,
        2,
        1,
        1,
        1,
        1,
        1,
        1,
        1,
        2,
        2,
        0,
        2,
        0,
        2,
        1,
        0,
        1,
        0,
        0,
        0,
        1,
        1,
        2,
        2,
        0,
        2,
        2,
        1,
        2,
        2,
        0,
        0,
        0,
        0,
        1,
        2,
        0,
        2,
        0,
        0,
        2,
        1,
        0,
        2,
        0,
        1,
        0,
        1,
        1,
        0,
        2,
        0,
        2,
        2,
        1,
        0,
        0,
        2,
        1,
        0,
        0,
        0,
        0,
        0,
        2,
        0,
        2,
        1,
        2,
        2,
        1,
        0,
        1,
        0,
        0,
        0,
        0,
        2,
        0,
        2,
        1,
        2,
        1,
        0,
        1,
        0,
        2,
        0,
        0,
        0,
        0,
        2,
        1,
        1,
        1,
        1,
        1,
        0,
        0,
        0,
        0,
    ],
    board_visibility: None,
    hidden_stones_left: 0,
    size: (
        13,
        13,
    ),
    mods: GameModifier {
        pixel: false,
        ponnuki_is_points: None,
        zen_go: None,
        hidden_move: Some(
            HiddenMoveGo {
                placement_count: 3,
                teams_share_stones: true,
            },
        ),
        visibility_mode: None,
        no_history: false,
        n_plus_one: None,
        captures_give_points: None,
    },
    points: [0, 15],
    move_number: 126,
}
