---
source: shared/src/game/tests.rs
expression: view
input_file: shared/src/game/replays/antti-4+1-1.txt
---
GameView {
    state: Play(
        PlayState {
            players_passed: [
                false,
                false,
            ],
            last_stone: Some(
                [(
                    7,
                    7,
                )],
            ),
        },
    ),
    seats: [Seat {
        player: Some(
            49,
        ),
        team: 1,
    }, Seat {
        player: Some(
            47,
        ),
        team: 2,
    }],
    turn: 1,
    board: [
        0,
        0,
        0,
        0,
        0,
        0,
        0,
        0,
        0,
        0,
        0,
        0,
        0,
        0,
        0,
        0,
        0,
        0,
        0,
        0,
        0,
        0,
        0,
        0,
        0,
        0,
        0,
        2,
        0,
        0,
        0,
        2,
        0,
        0,
        0,
        1,
        0,
        0,
        0,
        0,
        1,
        2,
        2,
        2,
        2,
        0,
        0,
        0,
        0,
        1,
        0,
        0,
        0,
        1,
        1,
        1,
        1,
        2,
        0,
        2,
        0,
        2,
        1,
        0,
        0,
        0,
        0,
        0,
        1,
        0,
        2,
        2,
        0,
        2,
        1,
        1,
        0,
        0,
        0,
        1,
        2,
        1,
        1,
        1,
        2,
        2,
        0,
        2,
        2,
        2,
        1,
        0,
        1,
        0,
        1,
        0,
        0,
        2,
        1,
        0,
        0,
        2,
        1,
        0,
        0,
        2,
        1,
        0,
        0,
        0,
        2,
        0,
        2,
        0,
        0,
        2,
        1,
        2,
        2,
        2,
        2,
        0,
        1,
        2,
        0,
        2,
        0,
        2,
        1,
        0,
        0,
        2,
        0,
        0,
        2,
        1,
        1,
        2,
        2,
        0,
        2,
        0,
        0,
        0,
        2,
        1,
        1,
        1,
        1,
        2,
        2,
        2,
        2,
        1,
        0,
        0,
        0,
        0,
        0,
        0,
        0,
        2,
        0,
        0,
        0,
        0,
        0,
        0,
        0,
    ],
    board_visibility: None,
    hidden_stones_left: 0,
    size: (
        13,
        13,
    ),
    mods: GameModifier {
        pixel: false,
        ponnuki_is_points: None,
        zen_go: None,
        hidden_move: None,
        visibility_mode: None,
        no_history: false,
        n_plus_one: Some(
            NPlusOne {
                length: 4,
            },
        ),
        captures_give_points: None,
    },
    points: [0, 15],
    move_number: 87,
}
